// Jest Snapshot v1, https://goo.gl/fbAQLP

exports[`Player when creating a team from a server response parses and assigns data correctly 1`] = `
Player {
  "eligiblePositions": Array [
    "QB",
    "Bench",
  ],
  "firstName": "Aaron",
  "isActive": true,
  "isIREligible": false,
  "jerseyNumber": "12",
  "lastName": "Rodgers",
  "percentOwned": 99.11713,
  "percentOwnedChange": 0.16773,
  "percentStarted": 68.05881,
  "playerId": 8439,
}
`;

exports[`Player when creating a team locally parses and assigns data correctly 1`] = `
Player {
  "eligiblePositions": Array [
    "QB",
    "Bench",
  ],
  "firstName": "Aaron",
  "isActive": true,
  "isIREligible": false,
  "jerseyNumber": "12",
  "lastName": "Rodgers",
  "percentOwned": 99.11713,
  "percentOwnedChange": 0.16773,
  "percentStarted": 68.05881,
  "playerId": 8439,
}
`;
