// Jest Snapshot v1, https://goo.gl/fbAQLP

exports[`Roster when creating a team from a server response parses and assigns data correctly 1`] = `
Roster {
  "leagueId": undefined,
  "players": Array [
    SlottedPlayer {
      "isKeeper": false,
      "isLocked": true,
      "player": Player {
        "eligiblePositions": Array [
          "QB",
          "Bench",
        ],
        "firstName": "Tom",
        "isActive": true,
        "isIREligible": false,
        "jerseyNumber": "12",
        "lastName": "Brady",
        "percentOwned": 99.80315,
        "percentOwnedChange": 0.20315,
        "percentStarted": 81.69291,
        "playerId": 2330,
      },
      "position": "QB",
    },
    SlottedPlayer {
      "isKeeper": false,
      "isLocked": true,
      "player": Player {
        "eligiblePositions": Array [
          "RB",
          "RB/WR/TE",
          "Bench",
        ],
        "firstName": "Jerick",
        "isActive": true,
        "isIREligible": false,
        "jerseyNumber": "21",
        "lastName": "McKinnon",
        "percentOwned": 87.4613,
        "percentOwnedChange": -1.08439,
        "percentStarted": 50.77399,
        "playerId": 16782,
      },
      "position": "RB",
    },
    SlottedPlayer {
      "isKeeper": false,
      "isLocked": true,
      "player": Player {
        "eligiblePositions": Array [
          "RB",
          "RB/WR/TE",
          "Bench",
        ],
        "firstName": "Malcolm",
        "isActive": true,
        "isIREligible": false,
        "jerseyNumber": "34",
        "lastName": "Brown",
        "percentOwned": 15.63574,
        "percentOwnedChange": -0.20277,
        "percentStarted": 2.06186,
        "playerId": 17742,
      },
      "position": "RB",
    },
    SlottedPlayer {
      "isKeeper": false,
      "isLocked": true,
      "player": Player {
        "eligiblePositions": Array [
          "WR",
          "RB/WR/TE",
          "Bench",
        ],
        "firstName": "Golden",
        "isActive": true,
        "isIREligible": false,
        "jerseyNumber": "15",
        "lastName": "Tate",
        "percentOwned": 95.61404,
        "percentOwnedChange": 0.53574,
        "percentStarted": 60.74561,
        "playerId": 13217,
      },
      "position": "WR",
    },
    SlottedPlayer {
      "isKeeper": false,
      "isLocked": true,
      "player": Player {
        "eligiblePositions": Array [
          "WR",
          "RB/WR/TE",
          "Bench",
        ],
        "firstName": "Adam",
        "isActive": true,
        "isIREligible": false,
        "jerseyNumber": "19",
        "lastName": "Thielen",
        "percentOwned": 96.88073,
        "percentOwnedChange": -0.06842,
        "percentStarted": 82.20183,
        "playerId": 17178,
      },
      "position": "WR",
    },
    SlottedPlayer {
      "isKeeper": false,
      "isLocked": true,
      "player": Player {
        "eligiblePositions": Array [
          "TE",
          "RB/WR/TE",
          "Bench",
        ],
        "firstName": "Kyle",
        "isActive": true,
        "isIREligible": false,
        "jerseyNumber": "82",
        "lastName": "Rudolph",
        "percentOwned": 90.86957,
        "percentOwnedChange": 0.18131,
        "percentStarted": 59.56522,
        "playerId": 14054,
      },
      "position": "TE",
    },
    SlottedPlayer {
      "isKeeper": false,
      "isLocked": true,
      "player": Player {
        "eligiblePositions": Array [
          "WR",
          "RB/WR/TE",
          "Bench",
        ],
        "firstName": "Ted",
        "isActive": true,
        "isIREligible": false,
        "jerseyNumber": "19",
        "lastName": "Ginn Jr.",
        "percentOwned": 47.53363,
        "percentOwnedChange": -1.37726,
        "percentStarted": 8.07175,
        "playerId": 10453,
      },
      "position": "RB/WR/TE",
    },
    SlottedPlayer {
      "isKeeper": false,
      "isLocked": true,
      "player": Player {
        "eligiblePositions": Array [
          "D/ST",
          "Bench",
        ],
        "firstName": "Patriots",
        "isActive": true,
        "isIREligible": false,
        "lastName": "D/ST",
        "percentOwned": 56.66667,
        "percentOwnedChange": 0.65644,
        "percentStarted": 33.88889,
        "playerId": 60017,
      },
      "position": "D/ST",
    },
    SlottedPlayer {
      "isKeeper": false,
      "isLocked": true,
      "player": Player {
        "eligiblePositions": Array [
          "K",
          "Bench",
        ],
        "firstName": "Stephen",
        "isActive": true,
        "isIREligible": false,
        "jerseyNumber": "3",
        "lastName": "Gostkowski",
        "percentOwned": 98.5258,
        "percentOwnedChange": -0.26452,
        "percentStarted": 87.22359,
        "playerId": 9704,
      },
      "position": "K",
    },
    SlottedPlayer {
      "isKeeper": false,
      "isLocked": true,
      "player": Player {
        "eligiblePositions": Array [
          "RB",
          "RB/WR/TE",
          "Bench",
        ],
        "firstName": "Todd",
        "isActive": true,
        "isIREligible": false,
        "jerseyNumber": "30",
        "lastName": "Gurley II",
        "percentOwned": 98.57143,
        "percentOwnedChange": -0.06803,
        "percentStarted": 90.15873,
        "playerId": 17683,
      },
      "position": "Bench",
    },
    SlottedPlayer {
      "isKeeper": false,
      "isLocked": true,
      "player": Player {
        "eligiblePositions": Array [
          "WR",
          "RB/WR/TE",
          "Bench",
        ],
        "firstName": "Tyreek",
        "isActive": true,
        "isIREligible": false,
        "jerseyNumber": "10",
        "lastName": "Hill",
        "percentOwned": 95.94156,
        "percentOwnedChange": -0.11107,
        "percentStarted": 72.56494,
        "playerId": 17929,
      },
      "position": "Bench",
    },
    SlottedPlayer {
      "isKeeper": false,
      "isLocked": true,
      "player": Player {
        "eligiblePositions": Array [
          "TE",
          "RB/WR/TE",
          "Bench",
        ],
        "firstName": "Zach",
        "isActive": true,
        "isIREligible": false,
        "jerseyNumber": "86",
        "lastName": "Ertz",
        "percentOwned": 97.42647,
        "percentOwnedChange": -0.20386,
        "percentStarted": 83.08824,
        "playerId": 15835,
      },
      "position": "Bench",
    },
    SlottedPlayer {
      "isKeeper": false,
      "isLocked": true,
      "player": Player {
        "eligiblePositions": Array [
          "K",
          "Bench",
        ],
        "firstName": "Harrison",
        "isActive": true,
        "isIREligible": false,
        "jerseyNumber": "7",
        "lastName": "Butker",
        "percentOwned": 59.9297,
        "percentOwnedChange": 1.14481,
        "percentStarted": 49.56063,
        "playerId": 18409,
      },
      "position": "Bench",
    },
    SlottedPlayer {
      "isKeeper": false,
      "isLocked": true,
      "player": Player {
        "eligiblePositions": Array [
          "QB",
          "Bench",
        ],
        "firstName": "Matthew",
        "isActive": true,
        "isIREligible": false,
        "jerseyNumber": "9",
        "lastName": "Stafford",
        "percentOwned": 90.16787,
        "percentOwnedChange": -0.79599,
        "percentStarted": 51.55875,
        "playerId": 12483,
      },
      "position": "Bench",
    },
    SlottedPlayer {
      "isKeeper": false,
      "isLocked": true,
      "player": Player {
        "eligiblePositions": Array [
          "RB",
          "RB/WR/TE",
          "Bench",
        ],
        "firstName": "Jonathan",
        "isActive": true,
        "isIREligible": false,
        "jerseyNumber": "28",
        "lastName": "Stewart",
        "percentOwned": 58.45411,
        "percentOwnedChange": -0.24155,
        "percentStarted": 12.31884,
        "playerId": 11247,
      },
      "position": "Bench",
    },
    SlottedPlayer {
      "position": "Bench",
    },
  ],
  "scoringPeriodId": undefined,
  "seasonId": undefined,
  "team": Team {
    "abbreviation": "��",
    "division": Object {
      "divisionId": 0,
      "divisionName": "Division 1",
      "size": 4,
    },
    "divisionStanding": 2,
    "firstName": "2 Gurleys",
    "lastName": "One Cup",
    "leagueId": undefined,
    "leagueStanding": 3,
    "logoURL": "http://i.imgur.com/C17g1Af.gif",
    "seasonId": undefined,
    "streakType": "ERROR: streakType not recognized",
    "teamId": 9,
    "waiverRank": 2,
  },
  "teamId": 9,
}
`;

exports[`Roster when creating a team locally parses and assigns data correctly 1`] = `
Roster {
  "leagueId": undefined,
  "players": Array [],
  "scoringPeriodId": undefined,
  "seasonId": undefined,
  "team": Object {},
  "teamId": undefined,
}
`;
